// Jest Snapshot v1, https://goo.gl/fbAQLP

exports[`should render one element 1`] = `null`;

exports[`should render two list items 1`] = `null`;
